// Jest Snapshot v1, https://goo.gl/fbAQLP

exports[`<Routes /> should render successfully without crashing 1`] = `ShallowWrapper {}`;
