// Jest Snapshot v1, https://goo.gl/fbAQLP

exports[`<LoginPage /> Should maintain existing snapshot 1`] = `ShallowWrapper {}`;
