// Jest Snapshot v1, https://goo.gl/fbAQLP

exports[`<CreateMeetupModal /> Should maintain existing snapshot 1`] = `ShallowWrapper {}`;
