// Jest Snapshot v1, https://goo.gl/fbAQLP

exports[`<MeetupCard /> Should maintain existing snapshot 1`] = `ShallowWrapper {}`;
