// Jest Snapshot v1, https://goo.gl/fbAQLP

exports[`<SignUpForm /> Should maintain existing snapshot 1`] = `ShallowWrapper {}`;
