// Jest Snapshot v1, https://goo.gl/fbAQLP

exports[`<TopBar /> Should maintain existing snapshot 1`] = `ShallowWrapper {}`;
