// Jest Snapshot v1, https://goo.gl/fbAQLP

exports[`NotFoundPage Should maintain existing snapshot 1`] = `
Array [
  <div
    className="header_container"
  >
    <header>
      <div
        className="header_div"
      >
        <h1>
          Questioner
        </h1>
        <div
          className="details"
        >
          <p>
            Schedule and organize meetups 
            <br />
            with no fuss.
          </p>
          <a
            className="link-style"
            href="/login"
            onClick={[Function]}
          >
            <button
              className="MuiButtonBase-root-27 MuiButton-root-1 MuiButton-contained-12 MuiButton-containedPrimary-13 MuiButton-raised-15 MuiButton-raisedPrimary-16"
              disabled={false}
              name="button"
              onBlur={[Function]}
              onContextMenu={[Function]}
              onFocus={[Function]}
              onKeyDown={[Function]}
              onKeyUp={[Function]}
              onMouseDown={[Function]}
              onMouseLeave={[Function]}
              onMouseUp={[Function]}
              onTouchEnd={[Function]}
              onTouchMove={[Function]}
              onTouchStart={[Function]}
              tabIndex="0"
              type="button"
            >
              <span
                className="MuiButton-label-2"
              >
                Get Started
              </span>
              <span
                className="MuiTouchRipple-root-30"
              />
            </button>
          </a>
        </div>
      </div>
    </header>
  </div>,
  <footer>
    <p>
      Powered by TheDrizzyWay Â© 2018
    </p>
    <br />
  </footer>,
]
`;
