// Jest Snapshot v1, https://goo.gl/fbAQLP

exports[`App has a valid snapshot 1`] = `
<div>
  <p>
    This is the beginning of something very special.
  </p>
</div>
`;
